[backblue.gif]
[fade.gif]
[index.html]
[cdn.bmcedirect.ma/INGR/sd/bmce_2018/1.109.30/fr/css/ei_base.css]
[cdn.bmcedirect.ma/INGR/sd/bmce_2018/1.109.30/fr/javascript/appli/jquery_ei.js]
[cdn.bmcedirect.ma/INGR/sd/bmce_2018/1.109.30/fr/javascript/appli/env.js]
[cdn.bmcedirect.ma/INGR/sd/bmce_2018/1.109.30/fr/images/std/favicons/apple-touch-icon.png]
[cdn.bmcedirect.ma/INGR/sd/bmce_2018/1.109.30/fr/images/std/favicons/favicon-32x32.png]
[cdn.bmcedirect.ma/INGR/sd/bmce_2018/1.109.30/fr/images/std/favicons/favicon-16x16.png]
[cdn.bmcedirect.ma/INGR/sd/bmce_2018/1.109.30/fr/css/ei_needscript.css]
[cdn.bmcedirect.ma/INGR/sd/bmce_2018/1.109.30/fr/javascript/SDTK/display.js]
[cdn.bmcedirect.ma/INGR/sd/bmce_2018/1.109.30/fr/css/ei_custom_richradbutton.css]
[cdn.bmcedirect.ma/INGR/sd/bmce_2018/1.109.30/fr/javascript/appli/lightbox.js]
[cdn.bmcedirect.ma/INGR/sd/bmce_2018/1.109.30/fr/javascript/appli/ei_tools.js]
[cdn.bmcedirect.ma/SITW/sd/tools/2.3.5/javascripts/SITW-tools.js]
[cdn.tagcommander.com/6692/tc_bmcedirectma_20.js]
[www.bmcedirect.ma/ruxitagentjs_ICA2NVfhjqrux_10283240308130508.js]
[cdn.bmcedirect.ma/INGR/sd/bmce_2018/1.109.30/fr/css/devb_base.css]
[cdn.bmcedirect.ma/INGR/sd/bmce_2018/1.109.30/fr/javascript/appli/responsiveMD.js]
[cdn.bmcedirect.ma/INGR/sd/bmce_2018/1.109.30/fr/css/ei_custom_responsive.css]
[cdn.bmcedirect.ma/INGR/sd/bmce_2018/1.109.30/fr/css/ei_custom_md.css]
[cdn.bmcedirect.ma/INGR/sd/bmce_2018/1.109.30/fr/css/appli/ei_custom_identification.css]
[www.bmcedirect.ma/fr/identification/authentification.html]
[cdn.bmcedirect.ma/INGR/sd/bmce_2018/1.109.30/fr/images/css/v3commun/ei_btmove_pictos.png]
[cdn.bmcedirect.ma/INGR/sd/bmce_2018/1.109.30/fr/images/css/v3commun/await.gif]
[cdn.bmcedirect.ma/INGR/sd/bmce_2018/1.109.30/fr/images/css/v3commun/maquette.gif]
[cdn.bmcedirect.ma/INGR/sd/bmce_2018/1.109.30/fr/images/css/v3commun/formatmap16x16.png]
[cdn.bmcedirect.ma/INGR/sd/bmce_2018/1.109.30/fr/images/css/v3commun/formatmap16x16gris2.png]
[cdn.bmcedirect.ma/INGR/sd/bmce_2018/1.109.30/fr/images/css/v3commun/formatmap24x24.png]
[cdn.bmcedirect.ma/INGR/sd/bmce_2018/1.109.30/fr/images/css/v3commun/formatmap24x24gris.png]
[cdn.bmcedirect.ma/INGR/sd/bmce_2018/1.109.30/fr/images/css/v3commun/formatmap32x32.png]
[cdn.bmcedirect.ma/INGR/sd/bmce_2018/1.109.30/fr/images/css/v3commun/formatmap32x32gris.png]
[cdn.bmcedirect.ma/INGR/sd/bmce_2018/1.109.30/fr/images/css/v3commun/ei_popup_pic.png]
[cdn.bmcedirect.ma/INGR/sd/bmce_2018/1.109.30/fr/images/css/v3commun/ei_locate.png]
[cdn.bmcedirect.ma/INGR/sd/bmce_2018/1.109.30/fr/images/css/v3commun/ei_icogeolocate.png]
[cdn.bmcedirect.ma/INGR/sd/bmce_2018/1.109.30/fr/images/css/v3commun/ei_icoparam.png]
[cdn.bmcedirect.ma/INGR/sd/bmce_2018/1.109.30/fr/images/css/v3commun/ei_icotiles.png]
[cdn.bmcedirect.ma/INGR/sd/bmce_2018/1.109.30/fr/images/css/v3commun/ei_icohistorique.png]
[cdn.bmcedirect.ma/INGR/sd/bmce_2018/1.109.30/fr/images/css/v3commun/ei_icosign.png]
[cdn.bmcedirect.ma/INGR/sd/bmce_2018/1.109.30/fr/images/css/v3commun/plus.gif]
[cdn.bmcedirect.ma/INGR/sd/bmce_2018/1.109.30/fr/images/css/v3commun/moins.gif]
[cdn.bmcedirect.ma/INGR/sd/bmce_2018/1.109.30/fr/images/css/v3commun/icofav_unselect.png]
[cdn.bmcedirect.ma/INGR/sd/bmce_2018/1.109.30/fr/images/css/v3commun/icocoins.gif]
[cdn.bmcedirect.ma/INGR/sd/bmce_2018/1.109.30/fr/images/std/tri.c.gif]
[cdn.bmcedirect.ma/INGR/sd/bmce_2018/1.109.30/fr/images/std/tri.off.gif]
[cdn.bmcedirect.ma/INGR/sd/bmce_2018/1.109.30/fr/images/std/tri.d.gif]
[cdn.bmcedirect.ma/INGR/sd/bmce_2018/1.109.30/fr/images/css/v3commun/telcristal.gif]
[cdn.bmcedirect.ma/INGR/sd/bmce_2018/1.109.30/fr/images/css/env/background.png]
[cdn.bmcedirect.ma/INGR/sd/bmce_2018/1.109.30/fr/images/css/perso/body_header.png]
[cdn.bmcedirect.ma/INGR/sd/bmce_2018/1.109.30/fr/images/css/env/ident_fleche.png]
[cdn.bmcedirect.ma/INGR/sd/bmce_2018/1.109.30/fr/images/css/env/conseiller_fleche.png]
[cdn.bmcedirect.ma/INGR/sd/bmce_2018/1.109.30/fr/images/css/env/icoreche.png]
[cdn.bmcedirect.ma/INGR/sd/bmce_2018/1.109.30/fr/images/css/perso/selectmenu_fleche.png]
[cdn.bmcedirect.ma/INGR/sd/bmce_2018/1.109.30/fr/images/css/env/menu_separateur.png]
[cdn.bmcedirect.ma/INGR/sd/bmce_2018/1.109.30/fr/images/css/env/icorechemobil.png]
[cdn.bmcedirect.ma/INGR/sd/bmce_2018/1.109.30/fr/images/css/perso/footer_customselect.png]
[cdn.bmcedirect.ma/INGR/sd/bmce_2018/1.109.30/fr/images/std/ei_icogeolocate.png]
[cdn.bmcedirect.ma/INGR/sd/bmce_2018/1.109.30/fr/images/std/ei-icotiles.png]
[cdn.bmcedirect.ma/INGR/sd/bmce_2018/1.109.30/fr/images/std/ajax_loader_conseiller.gif]
[cdn.bmcedirect.ma/INGR/sd/bmce_2018/1.109.30/fr/images/css/v3base/popcallback.gif]
[cdn.bmcedirect.ma/INGR/sd/bmce_2018/1.109.30/fr/images/css/v3base/loader.png]
[cdn.bmcedirect.ma/INGR/sd/bmce_2018/1.109.30/fr/images/std/icoactmod.gif]
[cdn.bmcedirect.ma/INGR/sd/bmce_2018/1.109.30/fr/images/css/perso/backtop.png]
[cdn.bmcedirect.ma/INGR/sd/bmce_2018/1.109.30/fr/css/ei_base.css]
[cdn.bmcedirect.ma/INGR/sd/bmce_2018/1.109.30/fr/css/ei_needscript.css]
[cdn.bmcedirect.ma/INGR/sd/bmce_2018/1.109.30/fr/images/css/ei_common_richradbutton/richradbutton_background.png]
[cdn.bmcedirect.ma/INGR/sd/bmce_2018/1.109.30/fr/css/ei_custom_richradbutton.css]
[cdn.bmcedirect.ma/INGR/sd/bmce_2018/1.109.30/fr/images/css/v3commun/dw_cb_ombre.gif]
[cdn.bmcedirect.ma/INGR/sd/bmce_2018/1.109.30/fr/images/css/v3commun/dw_ms_sprite.png]
[cdn.bmcedirect.ma/INGR/sd/bmce_2018/1.109.30/fr/images/css/v3commun/dw_act_popupmenu.gif]
[cdn.bmcedirect.ma/INGR/sd/bmce_2018/1.109.30/fr/images/css/v3commun/menucontectuel_bt.png]
[cdn.bmcedirect.ma/INGR/sd/bmce_2018/1.109.30/fr/images/css/v3commun/dw_dlig_symbol.png]
[cdn.bmcedirect.ma/INGR/sd/bmce_2018/1.109.30/fr/images/css/v3commun/dw_ck.png]
[cdn.bmcedirect.ma/INGR/sd/bmce_2018/1.109.30/fr/images/css/v3commun/dw_sv_button.gif]
[cdn.bmcedirect.ma/INGR/sd/bmce_2018/1.109.30/fr/images/css/v3commun/dw_sv_button_select.png]
[cdn.bmcedirect.ma/INGR/sd/bmce_2018/1.109.30/fr/images/css/v3commun/dw_sv_button_select2.png]
[cdn.bmcedirect.ma/INGR/sd/bmce_2018/1.109.30/fr/images/css/v3commun/dw_help.png]
[cdn.bmcedirect.ma/INGR/sd/bmce_2018/1.109.30/fr/images/css/v3commun/ei_navlinks_fond.gif]
[cdn.bmcedirect.ma/INGR/sd/bmce_2018/1.109.30/fr/images/css/v3commun/communstd_sprite.png]
[cdn.bmcedirect.ma/INGR/sd/bmce_2018/1.109.30/fr/images/css/v3commun/ei_a_blocongh_etiquette.png]
[cdn.bmcedirect.ma/INGR/sd/bmce_2018/1.109.30/fr/css/devb_base.css]
[cdn.bmcedirect.ma/INGR/sd/bmce_2018/1.109.30/fr/css/ei_custom_responsive.css]
[cdn.bmcedirect.ma/INGR/sd/bmce_2018/1.109.30/fr/css/ei_custom_md.css]
[cdn.bmcedirect.ma/INGR/sd/bmce_2018/1.109.30/fr/css/appli/ei_custom_identification.css]
[www.bmcedirect.ma/fr/identification/codes-acces-oublies.html]
[www.bmcedirect.ma/fr/img/appel_surtaxe.png]
[www.bmcedirect.ma/fr/img/sms_surtaxe.png]
[www.bmcedirect.ma/fr/identification/infos-securite.html]
[cdn.bmcedirect.ma/INGR/sd/bmce_2018/1.109.30/fr/images/css/env/icoreche_over.html]
[cdn.bmcedirect.ma/INGR/sd/bmce_2018/1.109.30/fr/images/css/v3base_redac/transparence_30p.html]
[cdn.bmcedirect.ma/INGR/sd/bmce_2018/1.109.30/fr/images/std/icobulle.gif]
[cdn.bmcedirect.ma/INGR/sd/bmce_2018/1.109.30/fr/images/std/confirmer.gif]
[cdn.bmcedirect.ma/INGR/sd/bmce_2018/1.109.30/fr/images/std/abandonner.gif]
[www.bmcedirect.ma/fr/identification/demander_votre_mot_de_passe.html]
[www.bmcedirect.ma/fr/identification/debloquer_votre_acces.html]
[www.bmcedirect.ma/fr/identification/demander_votre_identifiant.html]
